../Core/Src/main.c:119:6:configuration	8	static
../Core/Src/main.c:134:6:HAL_GPIO_EXTI_Callback	16	static
../Core/Src/main.c:144:5:main	136	static
../Core/Src/main.c:341:6:SystemClock_Config	88	static
../Core/Src/main.c:388:13:MX_ADC1_Init	56	static
../Core/Src/main.c:456:13:MX_TIM1_Init	120	static
../Core/Src/main.c:542:13:MX_TIM2_Init	64	static
../Core/Src/main.c:601:13:MX_USART2_UART_Init	8	static
../Core/Src/main.c:649:13:MX_GPIO_Init	40	static
../Core/Src/main.c:691:6:HAL_UART_RxCpltCallback	16	static
../Core/Src/main.c:696:6:powerUp	16	static
../Core/Src/main.c:702:6:HAL_ADC_ConvCpltCallback	16	static
../Core/Src/main.c:716:6:Error_Handler	4	static,ignoring_inline_asm
